docker : time="2026-03-05T14:52:40-03:00" level=warning msg="The 
\"__firebase_config\" variable is not set. Defaulting to a blank 
string."
No linha:1 caractere:1
+ docker compose exec api bash -c "python -m pytest tests/" > test_outp 
...
+ ~~~~~~~~~~~~~~~~~~~~~~~~~~~~~~~~~~~~~~~~~~~~~~~~~~~~~~~~~~~~~~~~~~~~~
    + CategoryInfo          : NotSpecified: (time="2026-03-0... blank s 
   tring.":String) [], RemoteException
    + FullyQualifiedErrorId : NativeCommandError
 
time="2026-03-05T14:52:40-03:00" level=warning msg="The 
\"__firebase_config\" variable is not set. Defaulting to a blank 
string."
time="2026-03-05T14:52:40-03:00" level=warning msg="The 
\"__firebase_config\" variable is not set. Defaulting to a blank 
string."
============================= test session starts ==============================
platform linux -- Python 3.11.15, pytest-9.0.2, pluggy-1.6.0
rootdir: /app
plugins: anyio-4.12.1, asyncio-1.3.0
asyncio: mode=Mode.STRICT, debug=False, asyncio_default_fixture_loop_scope=None, asyncio_default_test_loop_scope=function
collected 50 items

tests/test_auth.py .........F.F....                                      [ 32%]
tests/test_naming_engine.py .....................                        [ 74%]
tests/test_reports.py .......                                            [ 88%]
tests/test_text_utils.py ......                                          [100%]

=================================== FAILURES ===================================
_______________________ TestConfirm.test_confirm_account _______________________

self = <tests.test_auth.TestConfirm object at 0x7f570bcc48d0>
client = <starlette.testclient.TestClient object at 0x7f570aa50790>
admin_headers = {'Authorization': 'Bearer eyJhbGciOiJIUzI1NiIsInR5cCI6IkpXVCJ9.eyJzdWIiOiJhZG1pbkB0ZXN0LmNvbSIsInJvbGUiOiJhZG1pbiIsInV...kY2MzZmVhOC1lZjlkLTQ5MDktYjBhOS1hMmFjZTU1OWIxMzMiLCJleHAiOjE3NzI4MTk1Njh9.NxJ2WMtBzqeUO-rK3aq2-1yyJE1-xFrGYiD9MBphKHQ'}

    def test_confirm_account(self, client, admin_headers):
        # Create invite
        invite_res = client.post(
            "/api/v1/auth/invite",
            json={
                "email": "confirm@test.com",
                "full_name": "Confirm User",
                "role": "assistente",
            },
            headers=admin_headers,
        )
        token = invite_res.json()["invite_token"]
    
        # Confirm account
>       res = client.post(
            "/api/v1/auth/confirm",
            json={"token": token, "password": "newpassword123"},
        )

tests/test_auth.py:128: 
_ _ _ _ _ _ _ _ _ _ _ _ _ _ _ _ _ _ _ _ _ _ _ _ _ _ _ _ _ _ _ _ _ _ _ _ _ _ _ _ 
/usr/local/lib/python3.11/site-packages/starlette/testclient.py:593: in post
    return super().post(
/usr/local/lib/python3.11/site-packages/httpx/_client.py:1145: in post
    return self.request(
/usr/local/lib/python3.11/site-packages/starlette/testclient.py:468: in request
    return super().request(
/usr/local/lib/python3.11/site-packages/httpx/_client.py:827: in request
    return self.send(request, auth=auth, follow_redirects=follow_redirects)
           ^^^^^^^^^^^^^^^^^^^^^^^^^^^^^^^^^^^^^^^^^^^^^^^^^^^^^^^^^^^^^^^^
/usr/local/lib/python3.11/site-packages/httpx/_client.py:914: in send
    response = self._send_handling_auth(
/usr/local/lib/python3.11/site-packages/httpx/_client.py:942: in _send_handling_auth
    response = self._send_handling_redirects(
/usr/local/lib/python3.11/site-packages/httpx/_client.py:979: in _send_handling_redirects
    response = self._send_single_request(request)
               ^^^^^^^^^^^^^^^^^^^^^^^^^^^^^^^^^^
/usr/local/lib/python3.11/site-packages/httpx/_client.py:1015: in _send_single_request
    response = transport.handle_request(request)
               ^^^^^^^^^^^^^^^^^^^^^^^^^^^^^^^^^
/usr/local/lib/python3.11/site-packages/starlette/testclient.py:344: in handle_request
    raise exc
/usr/local/lib/python3.11/site-packages/starlette/testclient.py:341: in handle_request
    portal.call(self.app, scope, receive, send)
/usr/local/lib/python3.11/site-packages/anyio/from_thread.py:334: in call
    return cast(T_Retval, self.start_task_soon(func, *args).result())
                          ^^^^^^^^^^^^^^^^^^^^^^^^^^^^^^^^^^^^^^^^^^
/usr/local/lib/python3.11/concurrent/futures/_base.py:456: in result
    return self.__get_result()
           ^^^^^^^^^^^^^^^^^^^
/usr/local/lib/python3.11/concurrent/futures/_base.py:401: in __get_result
    raise self._exception
/usr/local/lib/python3.11/site-packages/anyio/from_thread.py:259: in _call_func
    retval = await retval_or_awaitable
             ^^^^^^^^^^^^^^^^^^^^^^^^^
/usr/local/lib/python3.11/site-packages/fastapi/applications.py:1054: in __call__
    await super().__call__(scope, receive, send)
/usr/local/lib/python3.11/site-packages/starlette/applications.py:123: in __call__
    await self.middleware_stack(scope, receive, send)
/usr/local/lib/python3.11/site-packages/starlette/middleware/errors.py:186: in __call__
    raise exc
/usr/local/lib/python3.11/site-packages/starlette/middleware/errors.py:164: in __call__
    await self.app(scope, receive, _send)
/usr/local/lib/python3.11/site-packages/starlette/middleware/cors.py:83: in __call__
    await self.app(scope, receive, send)
/usr/local/lib/python3.11/site-packages/starlette/middleware/exceptions.py:62: in __call__
    await wrap_app_handling_exceptions(self.app, conn)(scope, receive, send)
/usr/local/lib/python3.11/site-packages/starlette/_exception_handler.py:64: in wrapped_app
    raise exc
/usr/local/lib/python3.11/site-packages/starlette/_exception_handler.py:53: in wrapped_app
    await app(scope, receive, sender)
/usr/local/lib/python3.11/site-packages/starlette/routing.py:762: in __call__
    await self.middleware_stack(scope, receive, send)
/usr/local/lib/python3.11/site-packages/starlette/routing.py:782: in app
    await route.handle(scope, receive, send)
/usr/local/lib/python3.11/site-packages/starlette/routing.py:297: in handle
    await self.app(scope, receive, send)
/usr/local/lib/python3.11/site-packages/starlette/routing.py:77: in app
    await wrap_app_handling_exceptions(app, request)(scope, receive, send)
/usr/local/lib/python3.11/site-packages/starlette/_exception_handler.py:64: in wrapped_app
    raise exc
/usr/local/lib/python3.11/site-packages/starlette/_exception_handler.py:53: in wrapped_app
    await app(scope, receive, sender)
/usr/local/lib/python3.11/site-packages/starlette/routing.py:72: in app
    response = await func(request)
               ^^^^^^^^^^^^^^^^^^^
/usr/local/lib/python3.11/site-packages/fastapi/routing.py:299: in app
    raise e
/usr/local/lib/python3.11/site-packages/fastapi/routing.py:294: in app
    raw_response = await run_endpoint_function(
/usr/local/lib/python3.11/site-packages/fastapi/routing.py:193: in run_endpoint_function
    return await run_in_threadpool(dependant.call, **values)
           ^^^^^^^^^^^^^^^^^^^^^^^^^^^^^^^^^^^^^^^^^^^^^^^^^
/usr/local/lib/python3.11/site-packages/starlette/concurrency.py:40: in run_in_threadpool
    return await anyio.to_thread.run_sync(func, *args)
           ^^^^^^^^^^^^^^^^^^^^^^^^^^^^^^^^^^^^^^^^^^^
/usr/local/lib/python3.11/site-packages/anyio/to_thread.py:63: in run_sync
    return await get_async_backend().run_sync_in_worker_thread(
/usr/local/lib/python3.11/site-packages/anyio/_backends/_asyncio.py:2502: in run_sync_in_worker_thread
    return await future
           ^^^^^^^^^^^^
/usr/local/lib/python3.11/site-packages/anyio/_backends/_asyncio.py:986: in run
    result = context.run(func, *args)
             ^^^^^^^^^^^^^^^^^^^^^^^^
_ _ _ _ _ _ _ _ _ _ _ _ _ _ _ _ _ _ _ _ _ _ _ _ _ _ _ _ _ _ _ _ _ _ _ _ _ _ _ _ 

confirm_data = ConfirmAccountRequest(token='4e2254ad-f2f2-4a43-afaa-b31e96cc9656', password='newpassword123')
db = <sqlalchemy.orm.session.Session object at 0x7f570ac41550>

    @router.post("/confirm", response_model=UserResponse)
    def confirm_account(
        confirm_data: ConfirmAccountRequest,
        db: Session = Depends(get_db),
    ):
        """
        Confirma a conta e define a senha inicial.
        O token ├® recebido via link no email com validade de 24h.
        """
        user = (
            db.query(User).filter(User.invite_token == confirm_data.token).first()
        )
    
        if not user:
            raise HTTPException(
                status_code=status.HTTP_404_NOT_FOUND,
                detail="Token de convite inv├ílido.",
            )
    
        if user.email_confirmed:
            raise HTTPException(
                status_code=status.HTTP_400_BAD_REQUEST,
                detail="Esta conta j├í foi confirmada.",
            )
    
        # Verifica expira├º├úo
        now = datetime.now(timezone.utc)
>       if user.invite_expires_at and user.invite_expires_at < now:
                                      ^^^^^^^^^^^^^^^^^^^^^^^^^^^^
E       TypeError: can't compare offset-naive and offset-aware datetimes

app/api/rotas_auth.py:201: TypeError
___________________ TestConfirm.test_confirm_short_password ____________________

self = <tests.test_auth.TestConfirm object at 0x7f570bcc5710>
client = <starlette.testclient.TestClient object at 0x7f5709fa5190>
admin_headers = {'Authorization': 'Bearer eyJhbGciOiJIUzI1NiIsInR5cCI6IkpXVCJ9.eyJzdWIiOiJhZG1pbkB0ZXN0LmNvbSIsInJvbGUiOiJhZG1pbiIsInV...jYmQ4ZDgwNS03YmZlLTQwMWEtYjcxOC05MzY4ZGEwODY3YzAiLCJleHAiOjE3NzI4MTk1NzB9.T61WMvp02vF6ujVFjUyLslYpVBCKjkuvoaP-MR-s8mo'}

    def test_confirm_short_password(self, client, admin_headers):
        invite_res = client.post(
            "/api/v1/auth/invite",
            json={
                "email": "shortpwd@test.com",
                "full_name": "Short Pwd",
                "role": "assistente",
            },
            headers=admin_headers,
        )
        token = invite_res.json()["invite_token"]
    
>       res = client.post(
            "/api/v1/auth/confirm",
            json={"token": token, "password": "short"},
        )

tests/test_auth.py:162: 
_ _ _ _ _ _ _ _ _ _ _ _ _ _ _ _ _ _ _ _ _ _ _ _ _ _ _ _ _ _ _ _ _ _ _ _ _ _ _ _ 
/usr/local/lib/python3.11/site-packages/starlette/testclient.py:593: in post
    return super().post(
/usr/local/lib/python3.11/site-packages/httpx/_client.py:1145: in post
    return self.request(
/usr/local/lib/python3.11/site-packages/starlette/testclient.py:468: in request
    return super().request(
/usr/local/lib/python3.11/site-packages/httpx/_client.py:827: in request
    return self.send(request, auth=auth, follow_redirects=follow_redirects)
           ^^^^^^^^^^^^^^^^^^^^^^^^^^^^^^^^^^^^^^^^^^^^^^^^^^^^^^^^^^^^^^^^
/usr/local/lib/python3.11/site-packages/httpx/_client.py:914: in send
    response = self._send_handling_auth(
/usr/local/lib/python3.11/site-packages/httpx/_client.py:942: in _send_handling_auth
    response = self._send_handling_redirects(
/usr/local/lib/python3.11/site-packages/httpx/_client.py:979: in _send_handling_redirects
    response = self._send_single_request(request)
               ^^^^^^^^^^^^^^^^^^^^^^^^^^^^^^^^^^
/usr/local/lib/python3.11/site-packages/httpx/_client.py:1015: in _send_single_request
    response = transport.handle_request(request)
               ^^^^^^^^^^^^^^^^^^^^^^^^^^^^^^^^^
/usr/local/lib/python3.11/site-packages/starlette/testclient.py:344: in handle_request
    raise exc
/usr/local/lib/python3.11/site-packages/starlette/testclient.py:341: in handle_request
    portal.call(self.app, scope, receive, send)
/usr/local/lib/python3.11/site-packages/anyio/from_thread.py:334: in call
    return cast(T_Retval, self.start_task_soon(func, *args).result())
                          ^^^^^^^^^^^^^^^^^^^^^^^^^^^^^^^^^^^^^^^^^^
/usr/local/lib/python3.11/concurrent/futures/_base.py:456: in result
    return self.__get_result()
           ^^^^^^^^^^^^^^^^^^^
/usr/local/lib/python3.11/concurrent/futures/_base.py:401: in __get_result
    raise self._exception
/usr/local/lib/python3.11/site-packages/anyio/from_thread.py:259: in _call_func
    retval = await retval_or_awaitable
             ^^^^^^^^^^^^^^^^^^^^^^^^^
/usr/local/lib/python3.11/site-packages/fastapi/applications.py:1054: in __call__
    await super().__call__(scope, receive, send)
/usr/local/lib/python3.11/site-packages/starlette/applications.py:123: in __call__
    await self.middleware_stack(scope, receive, send)
/usr/local/lib/python3.11/site-packages/starlette/middleware/errors.py:186: in __call__
    raise exc
/usr/local/lib/python3.11/site-packages/starlette/middleware/errors.py:164: in __call__
    await self.app(scope, receive, _send)
/usr/local/lib/python3.11/site-packages/starlette/middleware/cors.py:83: in __call__
    await self.app(scope, receive, send)
/usr/local/lib/python3.11/site-packages/starlette/middleware/exceptions.py:62: in __call__
    await wrap_app_handling_exceptions(self.app, conn)(scope, receive, send)
/usr/local/lib/python3.11/site-packages/starlette/_exception_handler.py:64: in wrapped_app
    raise exc
/usr/local/lib/python3.11/site-packages/starlette/_exception_handler.py:53: in wrapped_app
    await app(scope, receive, sender)
/usr/local/lib/python3.11/site-packages/starlette/routing.py:762: in __call__
    await self.middleware_stack(scope, receive, send)
/usr/local/lib/python3.11/site-packages/starlette/routing.py:782: in app
    await route.handle(scope, receive, send)
/usr/local/lib/python3.11/site-packages/starlette/routing.py:297: in handle
    await self.app(scope, receive, send)
/usr/local/lib/python3.11/site-packages/starlette/routing.py:77: in app
    await wrap_app_handling_exceptions(app, request)(scope, receive, send)
/usr/local/lib/python3.11/site-packages/starlette/_exception_handler.py:64: in wrapped_app
    raise exc
/usr/local/lib/python3.11/site-packages/starlette/_exception_handler.py:53: in wrapped_app
    await app(scope, receive, sender)
/usr/local/lib/python3.11/site-packages/starlette/routing.py:72: in app
    response = await func(request)
               ^^^^^^^^^^^^^^^^^^^
/usr/local/lib/python3.11/site-packages/fastapi/routing.py:299: in app
    raise e
/usr/local/lib/python3.11/site-packages/fastapi/routing.py:294: in app
    raw_response = await run_endpoint_function(
/usr/local/lib/python3.11/site-packages/fastapi/routing.py:193: in run_endpoint_function
    return await run_in_threadpool(dependant.call, **values)
           ^^^^^^^^^^^^^^^^^^^^^^^^^^^^^^^^^^^^^^^^^^^^^^^^^
/usr/local/lib/python3.11/site-packages/starlette/concurrency.py:40: in run_in_threadpool
    return await anyio.to_thread.run_sync(func, *args)
           ^^^^^^^^^^^^^^^^^^^^^^^^^^^^^^^^^^^^^^^^^^^
/usr/local/lib/python3.11/site-packages/anyio/to_thread.py:63: in run_sync
    return await get_async_backend().run_sync_in_worker_thread(
/usr/local/lib/python3.11/site-packages/anyio/_backends/_asyncio.py:2502: in run_sync_in_worker_thread
    return await future
           ^^^^^^^^^^^^
/usr/local/lib/python3.11/site-packages/anyio/_backends/_asyncio.py:986: in run
    result = context.run(func, *args)
             ^^^^^^^^^^^^^^^^^^^^^^^^
_ _ _ _ _ _ _ _ _ _ _ _ _ _ _ _ _ _ _ _ _ _ _ _ _ _ _ _ _ _ _ _ _ _ _ _ _ _ _ _ 

confirm_data = ConfirmAccountRequest(token='a9846e54-8888-4f12-97a0-95e353489ad5', password='short')
db = <sqlalchemy.orm.session.Session object at 0x7f570a1a0410>

    @router.post("/confirm", response_model=UserResponse)
    def confirm_account(
        confirm_data: ConfirmAccountRequest,
        db: Session = Depends(get_db),
    ):
        """
        Confirma a conta e define a senha inicial.
        O token ├® recebido via link no email com validade de 24h.
        """
        user = (
            db.query(User).filter(User.invite_token == confirm_data.token).first()
        )
    
        if not user:
            raise HTTPException(
                status_code=status.HTTP_404_NOT_FOUND,
                detail="Token de convite inv├ílido.",
            )
    
        if user.email_confirmed:
            raise HTTPException(
                status_code=status.HTTP_400_BAD_REQUEST,
                detail="Esta conta j├í foi confirmada.",
            )
    
        # Verifica expira├º├úo
        now = datetime.now(timezone.utc)
>       if user.invite_expires_at and user.invite_expires_at < now:
                                      ^^^^^^^^^^^^^^^^^^^^^^^^^^^^
E       TypeError: can't compare offset-naive and offset-aware datetimes

app/api/rotas_auth.py:201: TypeError
=============================== warnings summary ===============================
app/schemas/auth.py:35
  /app/app/schemas/auth.py:35: PydanticDeprecatedSince20: Support for class-based `config` is deprecated, use ConfigDict instead. Deprecated in Pydantic V2.0 to be removed in V3.0. See Pydantic V2 Migration Guide at https://errors.pydantic.dev/2.12/migration/
    class UserResponse(BaseModel):

app/schemas/auth.py:53
  /app/app/schemas/auth.py:53: PydanticDeprecatedSince20: Support for class-based `config` is deprecated, use ConfigDict instead. Deprecated in Pydantic V2.0 to be removed in V3.0. See Pydantic V2 Migration Guide at https://errors.pydantic.dev/2.12/migration/
    class AuditLogResponse(BaseModel):

app/schemas/class_report.py:81
  /app/app/schemas/class_report.py:81: PydanticDeprecatedSince20: Support for class-based `config` is deprecated, use ConfigDict instead. Deprecated in Pydantic V2.0 to be removed in V3.0. See Pydantic V2 Migration Guide at https://errors.pydantic.dev/2.12/migration/
    class ClassReportResponse(BaseModel):

app/schemas/class_report.py:130
  /app/app/schemas/class_report.py:130: PydanticDeprecatedSince20: Support for class-based `config` is deprecated, use ConfigDict instead. Deprecated in Pydantic V2.0 to be removed in V3.0. See Pydantic V2 Migration Guide at https://errors.pydantic.dev/2.12/migration/
    class PaginatedReportsResponse(BaseModel):

app/api/rotas_turma.py:35
  /app/app/api/rotas_turma.py:35: PydanticDeprecatedSince20: Support for class-based `config` is deprecated, use ConfigDict instead. Deprecated in Pydantic V2.0 to be removed in V3.0. See Pydantic V2 Migration Guide at https://errors.pydantic.dev/2.12/migration/
    class TurmaResponse(TurmaCreate):

tests/test_auth.py: 16 warnings
tests/test_reports.py: 7 warnings
  /usr/local/lib/python3.11/site-packages/httpx/_client.py:680: DeprecationWarning: The 'app' shortcut is now deprecated. Use the explicit style 'transport=WSGITransport(app=...)' instead.
    warnings.warn(message, DeprecationWarning)

-- Docs: https://docs.pytest.org/en/stable/how-to/capture-warnings.html
=========================== short test summary info ============================
FAILED tests/test_auth.py::TestConfirm::test_confirm_account - TypeError: can...
FAILED tests/test_auth.py::TestConfirm::test_confirm_short_password - TypeErr...
================== 2 failed, 48 passed, 28 warnings in 11.87s ==================
